Archive member included to satisfy reference by file (symbol)

d:/software/compiler/workbench/plugins/fr.ac6.mcu.externaltools.arm-none.win32_1.17.0.201812190825/tools/compiler/bin/../lib/gcc/arm-none-eabi/7.3.1/../../../../arm-none-eabi/lib/thumb/v7-m\libc.a(lib_a-errno.o)
                              app/sys/src/sysmem.o (__errno)
d:/software/compiler/workbench/plugins/fr.ac6.mcu.externaltools.arm-none.win32_1.17.0.201812190825/tools/compiler/bin/../lib/gcc/arm-none-eabi/7.3.1/../../../../arm-none-eabi/lib/thumb/v7-m\libc.a(lib_a-exit.o)
                              d:/software/compiler/workbench/plugins/fr.ac6.mcu.externaltools.arm-none.win32_1.17.0.201812190825/tools/compiler/bin/../lib/gcc/arm-none-eabi/7.3.1/../../../../arm-none-eabi/lib/thumb/v7-m/crt0.o (exit)
d:/software/compiler/workbench/plugins/fr.ac6.mcu.externaltools.arm-none.win32_1.17.0.201812190825/tools/compiler/bin/../lib/gcc/arm-none-eabi/7.3.1/../../../../arm-none-eabi/lib/thumb/v7-m\libc.a(lib_a-impure.o)
                              d:/software/compiler/workbench/plugins/fr.ac6.mcu.externaltools.arm-none.win32_1.17.0.201812190825/tools/compiler/bin/../lib/gcc/arm-none-eabi/7.3.1/../../../../arm-none-eabi/lib/thumb/v7-m\libc.a(lib_a-exit.o) (_global_impure_ptr)
d:/software/compiler/workbench/plugins/fr.ac6.mcu.externaltools.arm-none.win32_1.17.0.201812190825/tools/compiler/bin/../lib/gcc/arm-none-eabi/7.3.1/../../../../arm-none-eabi/lib/thumb/v7-m\libc.a(lib_a-init.o)
                              d:/software/compiler/workbench/plugins/fr.ac6.mcu.externaltools.arm-none.win32_1.17.0.201812190825/tools/compiler/bin/../lib/gcc/arm-none-eabi/7.3.1/../../../../arm-none-eabi/lib/thumb/v7-m/crt0.o (__libc_init_array)
d:/software/compiler/workbench/plugins/fr.ac6.mcu.externaltools.arm-none.win32_1.17.0.201812190825/tools/compiler/bin/../lib/gcc/arm-none-eabi/7.3.1/../../../../arm-none-eabi/lib/thumb/v7-m\libc.a(lib_a-memset.o)
                              d:/software/compiler/workbench/plugins/fr.ac6.mcu.externaltools.arm-none.win32_1.17.0.201812190825/tools/compiler/bin/../lib/gcc/arm-none-eabi/7.3.1/../../../../arm-none-eabi/lib/thumb/v7-m/crt0.o (memset)
d:/software/compiler/workbench/plugins/fr.ac6.mcu.externaltools.arm-none.win32_1.17.0.201812190825/tools/compiler/bin/../lib/gcc/arm-none-eabi/7.3.1/../../../../arm-none-eabi/lib/thumb/v7-m\libc.a(lib_a-strlen-stub.o)
                              platform/comm/src/comm.o (strlen)
d:/software/compiler/workbench/plugins/fr.ac6.mcu.externaltools.arm-none.win32_1.17.0.201812190825/tools/compiler/bin/../lib/gcc/arm-none-eabi/7.3.1/../../../../arm-none-eabi/lib/thumb/v7-m\libc.a(lib_a-__call_atexit.o)
                              d:/software/compiler/workbench/plugins/fr.ac6.mcu.externaltools.arm-none.win32_1.17.0.201812190825/tools/compiler/bin/../lib/gcc/arm-none-eabi/7.3.1/../../../../arm-none-eabi/lib/thumb/v7-m\libc.a(lib_a-exit.o) (__call_exitprocs)
d:/software/compiler/workbench/plugins/fr.ac6.mcu.externaltools.arm-none.win32_1.17.0.201812190825/tools/compiler/bin/../lib/gcc/arm-none-eabi/7.3.1/../../../../arm-none-eabi/lib/thumb/v7-m\libc.a(lib_a-atexit.o)
                              d:/software/compiler/workbench/plugins/fr.ac6.mcu.externaltools.arm-none.win32_1.17.0.201812190825/tools/compiler/bin/../lib/gcc/arm-none-eabi/7.3.1/../../../../arm-none-eabi/lib/thumb/v7-m\libc.a(lib_a-__call_atexit.o) (atexit)
d:/software/compiler/workbench/plugins/fr.ac6.mcu.externaltools.arm-none.win32_1.17.0.201812190825/tools/compiler/bin/../lib/gcc/arm-none-eabi/7.3.1/../../../../arm-none-eabi/lib/thumb/v7-m\libc.a(lib_a-fini.o)
                              d:/software/compiler/workbench/plugins/fr.ac6.mcu.externaltools.arm-none.win32_1.17.0.201812190825/tools/compiler/bin/../lib/gcc/arm-none-eabi/7.3.1/../../../../arm-none-eabi/lib/thumb/v7-m\libc.a(lib_a-__call_atexit.o) (__libc_fini_array)
d:/software/compiler/workbench/plugins/fr.ac6.mcu.externaltools.arm-none.win32_1.17.0.201812190825/tools/compiler/bin/../lib/gcc/arm-none-eabi/7.3.1/../../../../arm-none-eabi/lib/thumb/v7-m\libc.a(lib_a-lock.o)
                              d:/software/compiler/workbench/plugins/fr.ac6.mcu.externaltools.arm-none.win32_1.17.0.201812190825/tools/compiler/bin/../lib/gcc/arm-none-eabi/7.3.1/../../../../arm-none-eabi/lib/thumb/v7-m\libc.a(lib_a-__call_atexit.o) (__retarget_lock_acquire_recursive)
d:/software/compiler/workbench/plugins/fr.ac6.mcu.externaltools.arm-none.win32_1.17.0.201812190825/tools/compiler/bin/../lib/gcc/arm-none-eabi/7.3.1/../../../../arm-none-eabi/lib/thumb/v7-m\libc.a(lib_a-__atexit.o)
                              d:/software/compiler/workbench/plugins/fr.ac6.mcu.externaltools.arm-none.win32_1.17.0.201812190825/tools/compiler/bin/../lib/gcc/arm-none-eabi/7.3.1/../../../../arm-none-eabi/lib/thumb/v7-m\libc.a(lib_a-atexit.o) (__register_exitproc)

Allocating common symbols
Common symbol       size              file

CommBuffer          0xe               platform/comm/src/comm.o
[...]
Memory Configuration

Name             Origin             Length             Attributes
RAM              0x20000000         0x00005000         xrw
ROM              0x08005c00         0x0001a000         xr
*default*        0x00000000         0xffffffff

Linker script and memory map

LOAD d:/software/compiler/workbench/plugins/fr.ac6.mcu.externaltools.arm-none.win32_1.17.0.201812190825/tools/compiler/bin/../lib/gcc/arm-none-eabi/7.3.1/thumb/v7-m/crti.o
LOAD d:/software/compiler/workbench/plugins/fr.ac6.mcu.externaltools.arm-none.win32_1.17.0.201812190825/tools/compiler/bin/../lib/gcc/arm-none-eabi/7.3.1/thumb/v7-m/crtbegin.o
LOAD d:/software/compiler/workbench/plugins/fr.ac6.mcu.externaltools.arm-none.win32_1.17.0.201812190825/tools/compiler/bin/../lib/gcc/arm-none-eabi/7.3.1/../../../../arm-none-eabi/lib/thumb/v7-m/crt0.o
LOAD app/sys/src/startup_stm32.o
LOAD app/sys/src/sys.o
LOAD app/sys/src/sysmem.o
LOAD drv/clock/src/clock.o
LOAD drv/core/src/core.o
LOAD drv/flash/src/flash.o
LOAD drv/gpio/src/gpio.o
LOAD drv/uart/src/uart.o
LOAD myLib/queue/src/queue_static.o
LOAD platform/comm/src/comm.o
LOAD platform/serial_interface/src/serial_interface.o
LOAD d:/software/compiler/workbench/plugins/fr.ac6.mcu.externaltools.arm-none.win32_1.17.0.201812190825/tools/compiler/bin/../lib/gcc/arm-none-eabi/7.3.1/../../../../arm-none-eabi/lib/thumb/v7-m\libm.a
START GROUP
LOAD d:/software/compiler/workbench/plugins/fr.ac6.mcu.externaltools.arm-none.win32_1.17.0.201812190825/tools/compiler/bin/../lib/gcc/arm-none-eabi/7.3.1/thumb/v7-m\libgcc.a
LOAD d:/software/compiler/workbench/plugins/fr.ac6.mcu.externaltools.arm-none.win32_1.17.0.201812190825/tools/compiler/bin/../lib/gcc/arm-none-eabi/7.3.1/../../../../arm-none-eabi/lib/thumb/v7-m\libc.a
END GROUP
LOAD d:/software/compiler/workbench/plugins/fr.ac6.mcu.externaltools.arm-none.win32_1.17.0.201812190825/tools/compiler/bin/../lib/gcc/arm-none-eabi/7.3.1/thumb/v7-m/crtend.o
LOAD d:/software/compiler/workbench/plugins/fr.ac6.mcu.externaltools.arm-none.win32_1.17.0.201812190825/tools/compiler/bin/../lib/gcc/arm-none-eabi/7.3.1/thumb/v7-m/crtn.o
                0x20005000                _estack = 0x20005000
                0x00000000                _Min_Heap_Size = 0x0
                0x00000400                _Min_Stack_Size = 0x400

.isr_vector     0x08005c00      0x130
                0x08005c00                . = ALIGN (0x4)
 *(.isr_vector)
 .isr_vector    0x08005c00      0x130 app/sys/src/startup_stm32.o
                0x08005c00                g_pfnVectors
                0x08005d30                . = ALIGN (0x4)

.text           0x08005d30      0xe90
                0x08005d30                . = ALIGN (0x4)
 *(.text)
 .text          0x08005d30       0x40 d:/software/compiler/workbench/plugins/fr.ac6.mcu.externaltools.arm-none.win32_1.17.0.201812190825/tools/compiler/bin/../lib/gcc/arm-none-eabi/7.3.1/thumb/v7-m/crtbegin.o
 *(.text*)
 .text.Reset_Handler
                0x08005d70       0x50 app/sys/src/startup_stm32.o
                0x08005d70                Reset_Handler
 .text.Default_Handler
                0x08005dc0        0x2 app/sys/src/startup_stm32.o
                0x08005dc0                EXTI2_IRQHandler
                0x08005dc0                TIM8_TRG_COM_IRQHandler
                0x08005dc0                TIM8_CC_IRQHandler
                0x08005dc0                DebugMon_Handler
                0x08005dc0                TIM1_CC_IRQHandler
                0x08005dc0                TIM6_IRQHandler
                0x08005dc0                SysTick_Handler
                0x08005dc0                PVD_IRQHandler
                0x08005dc0                SDIO_IRQHandler
                0x08005dc0                PendSV_Handler
                0x08005dc0                EXTI3_IRQHandler
                0x08005dc0                USB_HP_CAN_TX_IRQHandler
                0x08005dc0                EXTI0_IRQHandler
                0x08005dc0                I2C2_EV_IRQHandler
                0x08005dc0                ADC1_2_IRQHandler
                0x08005dc0                SPI1_IRQHandler
                0x08005dc0                CAN_SCE_IRQHandler
                0x08005dc0                TAMPER_IRQHandler
                0x08005dc0                TIM8_UP_IRQHandler
                0x08005dc0                DMA2_Channel2_IRQHandler
                0x08005dc0                DMA1_Channel4_IRQHandler
                0x08005dc0                RTC_IRQHandler
                0x08005dc0                DMA1_Channel7_IRQHandler
                0x08005dc0                UART5_IRQHandler
                0x08005dc0                ADC3_IRQHandler
                0x08005dc0                TIM4_IRQHandler
                0x08005dc0                CAN_RX1_IRQHandler
                0x08005dc0                DMA2_Channel1_IRQHandler
                0x08005dc0                I2C1_EV_IRQHandler
                0x08005dc0                DMA1_Channel6_IRQHandler
                0x08005dc0                UART4_IRQHandler
                0x08005dc0                TIM3_IRQHandler
                0x08005dc0                RCC_IRQHandler
                0x08005dc0                TIM1_TRG_COM_IRQHandler
                0x08005dc0                DMA1_Channel1_IRQHandler
                0x08005dc0                Default_Handler
                0x08005dc0                EXTI15_10_IRQHandler
                0x08005dc0                TIM7_IRQHandler
                0x08005dc0                TIM5_IRQHandler
                0x08005dc0                EXTI9_5_IRQHandler
                0x08005dc0                SPI2_IRQHandler
                0x08005dc0                USB_LP_CAN_RX0_IRQHandler
                0x08005dc0                SVC_Handler
                0x08005dc0                DMA1_Channel5_IRQHandler
                0x08005dc0                EXTI4_IRQHandler
                0x08005dc0                DMA1_Channel3_IRQHandler
                0x08005dc0                FSMC_IRQHandler
                0x08005dc0                TIM1_UP_IRQHandler
                0x08005dc0                WWDG_IRQHandler
                0x08005dc0                TIM2_IRQHandler
                0x08005dc0                TIM1_BRK_IRQHandler
                0x08005dc0                EXTI1_IRQHandler
                0x08005dc0                RTCAlarm_IRQHandler
                0x08005dc0                DMA2_Channel4_5_IRQHandler
                0x08005dc0                I2C2_ER_IRQHandler
                0x08005dc0                DMA1_Channel2_IRQHandler
                0x08005dc0                TIM8_BRK_IRQHandler
                0x08005dc0                FLASH_IRQHandler
                0x08005dc0                SPI3_IRQHandler
                0x08005dc0                I2C1_ER_IRQHandler
                0x08005dc0                DMA2_Channel3_IRQHandler
 .text.main     0x08005dc2       0x12 app/sys/src/sys.o
                0x08005dc2                main
 .text.Sys_Init
                0x08005dd4        0xc app/sys/src/sys.o
                0x08005dd4                Sys_Init
 .text.Sys_Run  0x08005de0        0xe app/sys/src/sys.o
                0x08005de0                Sys_Run
 .text.Sys_Delay
                0x08005dee       0x34 app/sys/src/sys.o
                0x08005dee                Sys_Delay
 *fill*         0x08005e22        0x6 
 .text.System_Clk_Params_Init
                0x08005e28      0x194 drv/clock/src/clock.o
                0x08005e28                System_Clk_Params_Init
 .text.System_Flash_Init
                0x08005fbc       0x34 drv/clock/src/clock.o
                0x08005fbc                System_Flash_Init
 .text.System_Flash_Vector_Init
                0x08005ff0       0x1c drv/clock/src/clock.o
                0x08005ff0                System_Flash_Vector_Init
 .text.System_Clock_Init
                0x0800600c      0x130 drv/clock/src/clock.o
                0x0800600c                System_Clock_Init
 .text.System_Init
                0x0800613c       0x98 drv/clock/src/clock.o
                0x0800613c                System_Init
 .text.NMI_Handler
                0x080061d4       0x22 drv/core/src/core.o
                0x080061d4                NMI_Handler
 .text.HardFault_Handler
                0x080061f6       0x20 drv/core/src/core.o
                0x080061f6                HardFault_Handler
 .text.MemManage_Handler
                0x08006216       0x22 drv/core/src/core.o
                0x08006216                MemManage_Handler
 .text.BusFault_Handler
                0x08006238       0x22 drv/core/src/core.o
                0x08006238                BusFault_Handler
 .text.UsageFault_Handler
                0x0800625a       0x22 drv/core/src/core.o
                0x0800625a                UsageFault_Handler
 .text.GPIO_GetBase_Add
                0x0800627c       0x68 drv/gpio/src/gpio.o
                0x0800627c                GPIO_GetBase_Add
 .text.GPIO_SetConfig
                0x080062e4       0xbc drv/gpio/src/gpio.o
                0x080062e4                GPIO_SetConfig
 .text.__NVIC_EnableIRQ
                0x080063a0       0x38 drv/uart/src/uart.o
 .text.USART1_IRQHandler
                0x080063d8       0x40 drv/uart/src/uart.o
                0x080063d8                USART1_IRQHandler
 .text.USART2_IRQHandler
                0x08006418       0x14 drv/uart/src/uart.o
                0x08006418                USART2_IRQHandler
 .text.USART3_IRQHandler
                0x0800642c       0x14 drv/uart/src/uart.o
                0x0800642c                USART3_IRQHandler
 .text.UART_GetBase_Add
                0x08006440       0x4c drv/uart/src/uart.o
 .text.UART_Is_Channel_Available
                0x0800648c       0x40 drv/uart/src/uart.o
 .text.UART_SetConfig
                0x080064cc       0xa8 drv/uart/src/uart.o
                0x080064cc                UART_SetConfig
 .text.UART_Init
                0x08006574      0x150 drv/uart/src/uart.o
                0x08006574                UART_Init
 .text.UART_Open
                0x080066c4       0x54 drv/uart/src/uart.o
                0x080066c4                UART_Open
 .text.UART_TxByte
                0x08006718       0x38 drv/uart/src/uart.o
                0x08006718                UART_TxByte
 .text.UART_TxString
                0x08006750       0x3a drv/uart/src/uart.o
                0x08006750                UART_TxString
 *fill*         0x0800678a        0x2 
 .text.IsQueueFull
                0x0800678c       0x48 myLib/queue/src/queue_static.o
                0x0800678c                IsQueueFull
 .text.MyStaticQueue_IsQueueEmpty
                0x080067d4       0x34 myLib/queue/src/queue_static.o
                0x080067d4                MyStaticQueue_IsQueueEmpty
 .text.MyStaticQueue_Init
                0x08006808       0x3e myLib/queue/src/queue_static.o
                0x08006808                MyStaticQueue_Init
 *fill*         0x08006846        0x2 
 .text.MyStaticQueue_EnQueue
                0x08006848       0x7c myLib/queue/src/queue_static.o
                0x08006848                MyStaticQueue_EnQueue
 .text.Comm_Init
                0x080068c4       0x84 platform/comm/src/comm.o
                0x080068c4                Comm_Init
 .text.Comm_Rx_Handler
                0x08006948       0x20 platform/comm/src/comm.o
                0x08006948                Comm_Rx_Handler
 .text.Comm_TxString
                0x08006968       0x44 platform/comm/src/comm.o
                0x08006968                Comm_TxString
 .text.Comm_Delay
                0x080069ac       0x3a platform/comm/src/comm.o
                0x080069ac                Comm_Delay
 *fill*         0x080069e6        0x2 
 .text.__libc_init_array
                0x080069e8       0x48 d:/software/compiler/workbench/plugins/fr.ac6.mcu.externaltools.arm-none.win32_1.17.0.201812190825/tools/compiler/bin/../lib/gcc/arm-none-eabi/7.3.1/../../../../arm-none-eabi/lib/thumb/v7-m\libc.a(lib_a-init.o)
                0x080069e8                __libc_init_array
 .text.strlen   0x08006a30       0x5c d:/software/compiler/workbench/plugins/fr.ac6.mcu.externaltools.arm-none.win32_1.17.0.201812190825/tools/compiler/bin/../lib/gcc/arm-none-eabi/7.3.1/../../../../arm-none-eabi/lib/thumb/v7-m\libc.a(lib_a-strlen-stub.o)
                0x08006a30                strlen
 .text.startup.register_fini
                0x08006a8c       0x14 d:/software/compiler/workbench/plugins/fr.ac6.mcu.externaltools.arm-none.win32_1.17.0.201812190825/tools/compiler/bin/../lib/gcc/arm-none-eabi/7.3.1/../../../../arm-none-eabi/lib/thumb/v7-m\libc.a(lib_a-__call_atexit.o)
 .text.atexit   0x08006aa0        0xc d:/software/compiler/workbench/plugins/fr.ac6.mcu.externaltools.arm-none.win32_1.17.0.201812190825/tools/compiler/bin/../lib/gcc/arm-none-eabi/7.3.1/../../../../arm-none-eabi/lib/thumb/v7-m\libc.a(lib_a-atexit.o)
                0x08006aa0                atexit
 .text.__libc_fini_array
                0x08006aac       0x34 d:/software/compiler/workbench/plugins/fr.ac6.mcu.externaltools.arm-none.win32_1.17.0.201812190825/tools/compiler/bin/../lib/gcc/arm-none-eabi/7.3.1/../../../../arm-none-eabi/lib/thumb/v7-m\libc.a(lib_a-fini.o)
                0x08006aac                __libc_fini_array
 .text.__retarget_lock_acquire_recursive
                0x08006ae0        0x4 d:/software/compiler/workbench/plugins/fr.ac6.mcu.externaltools.arm-none.win32_1.17.0.201812190825/tools/compiler/bin/../lib/gcc/arm-none-eabi/7.3.1/../../../../arm-none-eabi/lib/thumb/v7-m\libc.a(lib_a-lock.o)
                0x08006ae0                __retarget_lock_acquire_recursive
 .text.__retarget_lock_release_recursive
                0x08006ae4        0x4 d:/software/compiler/workbench/plugins/fr.ac6.mcu.externaltools.arm-none.win32_1.17.0.201812190825/tools/compiler/bin/../lib/gcc/arm-none-eabi/7.3.1/../../../../arm-none-eabi/lib/thumb/v7-m\libc.a(lib_a-lock.o)
                0x08006ae4                __retarget_lock_release_recursive
 .text.__register_exitproc
                0x08006ae8       0xc0 d:/software/compiler/workbench/plugins/fr.ac6.mcu.externaltools.arm-none.win32_1.17.0.201812190825/tools/compiler/bin/../lib/gcc/arm-none-eabi/7.3.1/../../../../arm-none-eabi/lib/thumb/v7-m\libc.a(lib_a-__atexit.o)
                0x08006ae8                __register_exitproc
 *(.glue_7)
 .glue_7        0x08006ba8        0x0 linker stubs
 *(.glue_7t)
 .glue_7t       0x08006ba8        0x0 linker stubs
 *(.eh_frame)
 .eh_frame      0x08006ba8        0x0 d:/software/compiler/workbench/plugins/fr.ac6.mcu.externaltools.arm-none.win32_1.17.0.201812190825/tools/compiler/bin/../lib/gcc/arm-none-eabi/7.3.1/thumb/v7-m/crtbegin.o
 *(.init)
 .init          0x08006ba8        0x4 d:/software/compiler/workbench/plugins/fr.ac6.mcu.externaltools.arm-none.win32_1.17.0.201812190825/tools/compiler/bin/../lib/gcc/arm-none-eabi/7.3.1/thumb/v7-m/crti.o
                0x08006ba8                _init
 .init          0x08006bac        0x8 d:/software/compiler/workbench/plugins/fr.ac6.mcu.externaltools.arm-none.win32_1.17.0.201812190825/tools/compiler/bin/../lib/gcc/arm-none-eabi/7.3.1/thumb/v7-m/crtn.o
 *(.fini)
 .fini          0x08006bb4        0x4 d:/software/compiler/workbench/plugins/fr.ac6.mcu.externaltools.arm-none.win32_1.17.0.201812190825/tools/compiler/bin/../lib/gcc/arm-none-eabi/7.3.1/thumb/v7-m/crti.o
                0x08006bb4                _fini
 .fini          0x08006bb8        0x8 d:/software/compiler/workbench/plugins/fr.ac6.mcu.externaltools.arm-none.win32_1.17.0.201812190825/tools/compiler/bin/../lib/gcc/arm-none-eabi/7.3.1/thumb/v7-m/crtn.o
                0x08006bc0                . = ALIGN (0x4)
                0x08006bc0                _etext = .

.vfp11_veneer   0x08006bc0        0x0
 .vfp11_veneer  0x08006bc0        0x0 linker stubs

.v4_bx          0x08006bc0        0x0
 .v4_bx         0x08006bc0        0x0 linker stubs

.iplt           0x08006bc0        0x0
 .iplt          0x08006bc0        0x0 d:/software/compiler/workbench/plugins/fr.ac6.mcu.externaltools.arm-none.win32_1.17.0.201812190825/tools/compiler/bin/../lib/gcc/arm-none-eabi/7.3.1/thumb/v7-m/crtbegin.o

.rodata         0x08006bc0       0x1c
                0x08006bc0                . = ALIGN (0x4)
 *(.rodata)
 .rodata        0x08006bc0       0x16 platform/comm/src/comm.o
 *(.rodata*)
 *fill*         0x08006bd6        0x2 
 .rodata._global_impure_ptr
                0x08006bd8        0x4 d:/software/compiler/workbench/plugins/fr.ac6.mcu.externaltools.arm-none.win32_1.17.0.201812190825/tools/compiler/bin/../lib/gcc/arm-none-eabi/7.3.1/../../../../arm-none-eabi/lib/thumb/v7-m\libc.a(lib_a-impure.o)
                0x08006bd8                _global_impure_ptr
                0x08006bdc                . = ALIGN (0x4)

.rel.dyn        0x08006bdc        0x0
 .rel.iplt      0x08006bdc        0x0 d:/software/compiler/workbench/plugins/fr.ac6.mcu.externaltools.arm-none.win32_1.17.0.201812190825/tools/compiler/bin/../lib/gcc/arm-none-eabi/7.3.1/thumb/v7-m/crtbegin.o

.ARM.extab      0x08006bdc        0x0
                0x08006bdc                . = ALIGN (0x4)
 *(.ARM.extab* .gnu.linkonce.armextab.*)
                0x08006bdc                . = ALIGN (0x4)

.ARM            0x08006bdc        0x0
                0x08006bdc                . = ALIGN (0x4)
                0x08006bdc                __exidx_start = .
 *(.ARM.exidx*)
                0x08006bdc                __exidx_end = .
                0x08006bdc                . = ALIGN (0x4)

.preinit_array  0x08006bdc        0x0
                0x08006bdc                . = ALIGN (0x4)
                0x08006bdc                PROVIDE (__preinit_array_start = .)
 *(.preinit_array*)
                0x08006bdc                PROVIDE (__preinit_array_end = .)
                0x08006bdc                . = ALIGN (0x4)

.init_array     0x08006bdc        0x8
                0x08006bdc                . = ALIGN (0x4)
                0x08006bdc                PROVIDE (__init_array_start = .)
 *(SORT_BY_NAME(.init_array.*))
 .init_array.00000
                0x08006bdc        0x4 d:/software/compiler/workbench/plugins/fr.ac6.mcu.externaltools.arm-none.win32_1.17.0.201812190825/tools/compiler/bin/../lib/gcc/arm-none-eabi/7.3.1/../../../../arm-none-eabi/lib/thumb/v7-m\libc.a(lib_a-__call_atexit.o)
 *(.init_array*)
 .init_array    0x08006be0        0x4 d:/software/compiler/workbench/plugins/fr.ac6.mcu.externaltools.arm-none.win32_1.17.0.201812190825/tools/compiler/bin/../lib/gcc/arm-none-eabi/7.3.1/thumb/v7-m/crtbegin.o
                0x08006be4                PROVIDE (__init_array_end = .)
                0x08006be4                . = ALIGN (0x4)

.fini_array     0x08006be4        0x4
                0x08006be4                . = ALIGN (0x4)
                0x08006be4                PROVIDE (__fini_array_start = .)
 *(SORT_BY_NAME(.fini_array.*))
 *(.fini_array*)
 .fini_array    0x08006be4        0x4 d:/software/compiler/workbench/plugins/fr.ac6.mcu.externaltools.arm-none.win32_1.17.0.201812190825/tools/compiler/bin/../lib/gcc/arm-none-eabi/7.3.1/thumb/v7-m/crtbegin.o
                0x08006be8                PROVIDE (__fini_array_end = .)
                0x08006be8                . = ALIGN (0x4)
                0x08006be8                _sidata = LOADADDR (.data)

.data           0x20000000      0x434 load address 0x08006be8
                0x20000000                . = ALIGN (0x4)
                0x20000000                _sdata = .
 *(.data)
 .data          0x20000000        0x3 drv/clock/src/clock.o
                0x20000000                SystemClock_Global
 *(.data*)
 *fill*         0x20000003        0x5 
 .data.impure_data
                0x20000008      0x428 d:/software/compiler/workbench/plugins/fr.ac6.mcu.externaltools.arm-none.win32_1.17.0.201812190825/tools/compiler/bin/../lib/gcc/arm-none-eabi/7.3.1/../../../../arm-none-eabi/lib/thumb/v7-m\libc.a(lib_a-impure.o)
 .data.__atexit_recursive_mutex
                0x20000430        0x4 d:/software/compiler/workbench/plugins/fr.ac6.mcu.externaltools.arm-none.win32_1.17.0.201812190825/tools/compiler/bin/../lib/gcc/arm-none-eabi/7.3.1/../../../../arm-none-eabi/lib/thumb/v7-m\libc.a(lib_a-__call_atexit.o)
                0x20000430                __atexit_recursive_mutex
                0x20000434                . = ALIGN (0x4)
                0x20000434                _edata = .

.igot.plt       0x20000434        0x0 load address 0x0800701c
 .igot.plt      0x20000434        0x0 d:/software/compiler/workbench/plugins/fr.ac6.mcu.externaltools.arm-none.win32_1.17.0.201812190825/tools/compiler/bin/../lib/gcc/arm-none-eabi/7.3.1/thumb/v7-m/crtbegin.o
                0x20000434                . = ALIGN (0x4)

.bss            0x20000434       0x78 load address 0x0800701c
                0x20000434                _sbss = .
                0x20000434                __bss_start__ = _sbss
 *(.bss)
 .bss           0x20000434       0x1c d:/software/compiler/workbench/plugins/fr.ac6.mcu.externaltools.arm-none.win32_1.17.0.201812190825/tools/compiler/bin/../lib/gcc/arm-none-eabi/7.3.1/thumb/v7-m/crtbegin.o
 .bss           0x20000450       0x18 drv/uart/src/uart.o
                0x20000450                UART_Handles
 .bss           0x20000468        0x4 platform/comm/src/comm.o
                0x20000468                CommUart_Handle
 *(.bss*)
 *(COMMON)
 COMMON         0x2000046c        0xc drv/uart/src/uart.o
                0x2000046c                rx_callback
 COMMON         0x20000478        0xe platform/comm/src/comm.o
                0x20000478                CommBuffer
 *fill*         0x20000486        0x2 
 COMMON         0x20000488       0x21 d:/software/compiler/workbench/plugins/fr.ac6.mcu.externaltools.arm-none.win32_1.17.0.201812190825/tools/compiler/bin/../lib/gcc/arm-none-eabi/7.3.1/../../../../arm-none-eabi/lib/thumb/v7-m\libc.a(lib_a-lock.o)
                0x20000488                __lock___atexit_recursive_mutex
                0x2000048c                __lock___arc4random_mutex
                0x20000490                __lock___env_recursive_mutex
                0x20000494                __lock___sinit_recursive_mutex
                0x20000498                __lock___malloc_recursive_mutex
                0x2000049c                __lock___at_quick_exit_mutex
                0x200004a0                __lock___dd_hash_mutex
                0x200004a4                __lock___tz_mutex
                0x200004a8                __lock___sfp_recursive_mutex
                0x200004ac                . = ALIGN (0x4)
 *fill*         0x200004a9        0x3 
                0x200004ac                _ebss = .
                0x200004ac                __bss_end__ = _ebss

._user_heap_stack
                0x200004ac      0x404 load address 0x0800701c
                0x200004b0                . = ALIGN (0x8)
 *fill*         0x200004ac        0x4 
                0x200004b0                PROVIDE (end = .)
                [!provide]                PROVIDE (_end = .)
                0x200004b0                . = (. + _Min_Heap_Size)
                0x200008b0                . = (. + _Min_Stack_Size)
 *fill*         0x200004b0      0x400 
                0x200008b0                . = ALIGN (0x8)

/DISCARD/
 libc.a(*)
 libm.a(*)
 libgcc.a(*)

.ARM.attributes
                0x00000000       0x29
 *(.ARM.attributes)
 .ARM.attributes
                0x00000000       0x1d d:/software/compiler/workbench/plugins/fr.ac6.mcu.externaltools.arm-none.win32_1.17.0.201812190825/tools/compiler/bin/../lib/gcc/arm-none-eabi/7.3.1/thumb/v7-m/crti.o
 .ARM.attributes
                0x0000001d       0x2d d:/software/compiler/workbench/plugins/fr.ac6.mcu.externaltools.arm-none.win32_1.17.0.201812190825/tools/compiler/bin/../lib/gcc/arm-none-eabi/7.3.1/thumb/v7-m/crtbegin.o
 .ARM.attributes
                0x0000004a       0x21 app/sys/src/startup_stm32.o
 .ARM.attributes
                0x0000006b       0x33 app/sys/src/sys.o
 .ARM.attributes
                0x0000009e       0x33 drv/clock/src/clock.o
 .ARM.attributes
                0x000000d1       0x33 drv/core/src/core.o
 .ARM.attributes
                0x00000104       0x33 drv/gpio/src/gpio.o
 .ARM.attributes
                0x00000137       0x33 drv/uart/src/uart.o
 .ARM.attributes
                0x0000016a       0x33 myLib/queue/src/queue_static.o
 .ARM.attributes
                0x0000019d       0x33 platform/comm/src/comm.o
 .ARM.attributes
                0x000001d0       0x2d d:/software/compiler/workbench/plugins/fr.ac6.mcu.externaltools.arm-none.win32_1.17.0.201812190825/tools/compiler/bin/../lib/gcc/arm-none-eabi/7.3.1/../../../../arm-none-eabi/lib/thumb/v7-m\libc.a(lib_a-impure.o)
 .ARM.attributes
                0x000001fd       0x2d d:/software/compiler/workbench/plugins/fr.ac6.mcu.externaltools.arm-none.win32_1.17.0.201812190825/tools/compiler/bin/../lib/gcc/arm-none-eabi/7.3.1/../../../../arm-none-eabi/lib/thumb/v7-m\libc.a(lib_a-init.o)
 .ARM.attributes
                0x0000022a       0x2d d:/software/compiler/workbench/plugins/fr.ac6.mcu.externaltools.arm-none.win32_1.17.0.201812190825/tools/compiler/bin/../lib/gcc/arm-none-eabi/7.3.1/../../../../arm-none-eabi/lib/thumb/v7-m\libc.a(lib_a-strlen-stub.o)
 .ARM.attributes
                0x00000257       0x2d d:/software/compiler/workbench/plugins/fr.ac6.mcu.externaltools.arm-none.win32_1.17.0.201812190825/tools/compiler/bin/../lib/gcc/arm-none-eabi/7.3.1/../../../../arm-none-eabi/lib/thumb/v7-m\libc.a(lib_a-__call_atexit.o)
 .ARM.attributes
                0x00000284       0x2d d:/software/compiler/workbench/plugins/fr.ac6.mcu.externaltools.arm-none.win32_1.17.0.201812190825/tools/compiler/bin/../lib/gcc/arm-none-eabi/7.3.1/../../../../arm-none-eabi/lib/thumb/v7-m\libc.a(lib_a-atexit.o)
 .ARM.attributes
                0x000002b1       0x2d d:/software/compiler/workbench/plugins/fr.ac6.mcu.externaltools.arm-none.win32_1.17.0.201812190825/tools/compiler/bin/../lib/gcc/arm-none-eabi/7.3.1/../../../../arm-none-eabi/lib/thumb/v7-m\libc.a(lib_a-fini.o)
 .ARM.attributes
                0x000002de       0x2d d:/software/compiler/workbench/plugins/fr.ac6.mcu.externaltools.arm-none.win32_1.17.0.201812190825/tools/compiler/bin/../lib/gcc/arm-none-eabi/7.3.1/../../../../arm-none-eabi/lib/thumb/v7-m\libc.a(lib_a-lock.o)
 .ARM.attributes
                0x0000030b       0x2d d:/software/compiler/workbench/plugins/fr.ac6.mcu.externaltools.arm-none.win32_1.17.0.201812190825/tools/compiler/bin/../lib/gcc/arm-none-eabi/7.3.1/../../../../arm-none-eabi/lib/thumb/v7-m\libc.a(lib_a-__atexit.o)
 .ARM.attributes
                0x00000338       0x1d d:/software/compiler/workbench/plugins/fr.ac6.mcu.externaltools.arm-none.win32_1.17.0.201812190825/tools/compiler/bin/../lib/gcc/arm-none-eabi/7.3.1/thumb/v7-m/crtn.o
OUTPUT(stm32_app1.elf elf32-littlearm)

.debug_line     0x00000000     0x3889
 .debug_line    0x00000000       0x80 app/sys/src/startup_stm32.o
 .debug_line    0x00000080      0x931 app/sys/src/sys.o
 .debug_line    0x000009b1      0x84a drv/clock/src/clock.o
 .debug_line    0x000011fb      0x7d0 drv/core/src/core.o
 .debug_line    0x000019cb      0x82f drv/gpio/src/gpio.o
 .debug_line    0x000021fa      0x934 drv/uart/src/uart.o
 .debug_line    0x00002b2e      0x3ae myLib/queue/src/queue_static.o
 .debug_line    0x00002edc      0x9ad platform/comm/src/comm.o

.debug_info     0x00000000     0x4d71
 .debug_info    0x00000000       0x22 app/sys/src/startup_stm32.o
 .debug_info    0x00000022      0x93b app/sys/src/sys.o
 .debug_info    0x0000095d      0xd3f drv/clock/src/clock.o
 .debug_info    0x0000169c      0x9c4 drv/core/src/core.o
 .debug_info    0x00002060      0xca2 drv/gpio/src/gpio.o
 .debug_info    0x00002d02     0x10f5 drv/uart/src/uart.o
 .debug_info    0x00003df7      0x26e myLib/queue/src/queue_static.o
 .debug_info    0x00004065      0xd0c platform/comm/src/comm.o

.debug_abbrev   0x00000000      0xee3
 .debug_abbrev  0x00000000       0x12 app/sys/src/startup_stm32.o
 .debug_abbrev  0x00000012      0x1e3 app/sys/src/sys.o
 .debug_abbrev  0x000001f5      0x22c drv/clock/src/clock.o
 .debug_abbrev  0x00000421      0x1e9 drv/core/src/core.o
 .debug_abbrev  0x0000060a      0x246 drv/gpio/src/gpio.o
 .debug_abbrev  0x00000850      0x32e drv/uart/src/uart.o
 .debug_abbrev  0x00000b7e      0x10c myLib/queue/src/queue_static.o
 .debug_abbrev  0x00000c8a      0x259 platform/comm/src/comm.o

.debug_aranges  0x00000000      0x280
 .debug_aranges
                0x00000000       0x28 app/sys/src/startup_stm32.o
 .debug_aranges
                0x00000028       0x38 app/sys/src/sys.o
 .debug_aranges
                0x00000060       0x40 drv/clock/src/clock.o
 .debug_aranges
                0x000000a0       0x48 drv/core/src/core.o
 .debug_aranges
                0x000000e8       0x60 drv/gpio/src/gpio.o
 .debug_aranges
                0x00000148       0xa0 drv/uart/src/uart.o
 .debug_aranges
                0x000001e8       0x48 myLib/queue/src/queue_static.o
 .debug_aranges
                0x00000230       0x50 platform/comm/src/comm.o

.debug_str      0x00000000    0x39664
 .debug_str     0x00000000       0x8a app/sys/src/startup_stm32.o
 .debug_str     0x0000008a    0x38856 app/sys/src/sys.o
                              0x38ae0 (size before relaxing)
 .debug_str     0x000388e0      0x4a2 drv/clock/src/clock.o
                              0x38f11 (size before relaxing)
 .debug_str     0x00038d82       0x7e drv/core/src/core.o
                              0x38ae0 (size before relaxing)
 .debug_str     0x00038e00      0x160 drv/gpio/src/gpio.o
                              0x38c08 (size before relaxing)
 .debug_str     0x00038f60      0x57a drv/uart/src/uart.o
                              0x39054 (size before relaxing)
 .debug_str     0x000394da       0xe0 myLib/queue/src/queue_static.o
                               0x3d3a (size before relaxing)
 .debug_str     0x000395ba       0xaa platform/comm/src/comm.o
                              0x38d53 (size before relaxing)

.debug_ranges   0x00000000      0x208
 .debug_ranges  0x00000000       0x20 app/sys/src/startup_stm32.o
 .debug_ranges  0x00000020       0x28 app/sys/src/sys.o
 .debug_ranges  0x00000048       0x30 drv/clock/src/clock.o
 .debug_ranges  0x00000078       0x38 drv/core/src/core.o
 .debug_ranges  0x000000b0       0x50 drv/gpio/src/gpio.o
 .debug_ranges  0x00000100       0x90 drv/uart/src/uart.o
 .debug_ranges  0x00000190       0x38 myLib/queue/src/queue_static.o
 .debug_ranges  0x000001c8       0x40 platform/comm/src/comm.o

.debug_macro    0x00000000     0xb247
 .debug_macro   0x00000000      0x1da app/sys/src/sys.o
 .debug_macro   0x000001da      0xa60 app/sys/src/sys.o
 .debug_macro   0x00000c3a       0x2e app/sys/src/sys.o
 .debug_macro   0x00000c68       0x22 app/sys/src/sys.o
 .debug_macro   0x00000c8a       0x8e app/sys/src/sys.o
 .debug_macro   0x00000d18       0x51 app/sys/src/sys.o
 .debug_macro   0x00000d69       0xef app/sys/src/sys.o
 .debug_macro   0x00000e58       0x6a app/sys/src/sys.o
 .debug_macro   0x00000ec2      0x1df app/sys/src/sys.o
 .debug_macro   0x000010a1       0x5e app/sys/src/sys.o
 .debug_macro   0x000010ff       0x18 app/sys/src/sys.o
 .debug_macro   0x00001117       0x35 app/sys/src/sys.o
 .debug_macro   0x0000114c       0x34 app/sys/src/sys.o
 .debug_macro   0x00001180      0x174 app/sys/src/sys.o
 .debug_macro   0x000012f4       0x58 app/sys/src/sys.o
 .debug_macro   0x0000134c       0x1f app/sys/src/sys.o
 .debug_macro   0x0000136b       0x43 app/sys/src/sys.o
 .debug_macro   0x000013ae       0x20 app/sys/src/sys.o
 .debug_macro   0x000013ce      0x18e app/sys/src/sys.o
 .debug_macro   0x0000155c      0x330 app/sys/src/sys.o
 .debug_macro   0x0000188c       0x10 app/sys/src/sys.o
 .debug_macro   0x0000189c       0x35 app/sys/src/sys.o
 .debug_macro   0x000018d1       0x16 app/sys/src/sys.o
 .debug_macro   0x000018e7       0x63 app/sys/src/sys.o
 .debug_macro   0x0000194a       0x1c app/sys/src/sys.o
 .debug_macro   0x00001966       0x22 app/sys/src/sys.o
 .debug_macro   0x00001988       0xbd app/sys/src/sys.o
 .debug_macro   0x00001a45      0xd23 app/sys/src/sys.o
 .debug_macro   0x00002768     0x7ee4 app/sys/src/sys.o
 .debug_macro   0x0000a64c      0x112 app/sys/src/sys.o
 .debug_macro   0x0000a75e       0x1c app/sys/src/sys.o
 .debug_macro   0x0000a77a       0x9a app/sys/src/sys.o
 .debug_macro   0x0000a814       0x70 app/sys/src/sys.o
 .debug_macro   0x0000a884       0x1c app/sys/src/sys.o
 .debug_macro   0x0000a8a0      0x1c6 drv/clock/src/clock.o
 .debug_macro   0x0000aa66       0x64 drv/clock/src/clock.o
 .debug_macro   0x0000aaca      0x1bd drv/core/src/core.o
 .debug_macro   0x0000ac87      0x1bd drv/gpio/src/gpio.o
 .debug_macro   0x0000ae44      0x1bd drv/uart/src/uart.o
 .debug_macro   0x0000b001       0x6c myLib/queue/src/queue_static.o
 .debug_macro   0x0000b06d      0x1da platform/comm/src/comm.o

.comment        0x00000000       0x7f
 .comment       0x00000000       0x7f app/sys/src/sys.o
                                 0x80 (size before relaxing)
 .comment       0x0000007f       0x80 drv/clock/src/clock.o
 .comment       0x0000007f       0x80 drv/core/src/core.o
 .comment       0x0000007f       0x80 drv/gpio/src/gpio.o
 .comment       0x0000007f       0x80 drv/uart/src/uart.o
 .comment       0x0000007f       0x80 myLib/queue/src/queue_static.o
 .comment       0x0000007f       0x80 platform/comm/src/comm.o

.debug_frame    0x00000000      0xa2c
 .debug_frame   0x00000000       0x8c app/sys/src/sys.o
 .debug_frame   0x0000008c       0xc4 drv/clock/src/clock.o
 .debug_frame   0x00000150       0xf8 drv/core/src/core.o
 .debug_frame   0x00000248      0x15c drv/gpio/src/gpio.o
 .debug_frame   0x000003a4      0x29c drv/uart/src/uart.o
 .debug_frame   0x00000640       0xf4 myLib/queue/src/queue_static.o
 .debug_frame   0x00000734      0x118 platform/comm/src/comm.o
 .debug_frame   0x0000084c       0x2c d:/software/compiler/workbench/plugins/fr.ac6.mcu.externaltools.arm-none.win32_1.17.0.201812190825/tools/compiler/bin/../lib/gcc/arm-none-eabi/7.3.1/../../../../arm-none-eabi/lib/thumb/v7-m\libc.a(lib_a-init.o)
 .debug_frame   0x00000878       0x20 d:/software/compiler/workbench/plugins/fr.ac6.mcu.externaltools.arm-none.win32_1.17.0.201812190825/tools/compiler/bin/../lib/gcc/arm-none-eabi/7.3.1/../../../../arm-none-eabi/lib/thumb/v7-m\libc.a(lib_a-strlen-stub.o)
 .debug_frame   0x00000898       0x5c d:/software/compiler/workbench/plugins/fr.ac6.mcu.externaltools.arm-none.win32_1.17.0.201812190825/tools/compiler/bin/../lib/gcc/arm-none-eabi/7.3.1/../../../../arm-none-eabi/lib/thumb/v7-m\libc.a(lib_a-__call_atexit.o)
 .debug_frame   0x000008f4       0x20 d:/software/compiler/workbench/plugins/fr.ac6.mcu.externaltools.arm-none.win32_1.17.0.201812190825/tools/compiler/bin/../lib/gcc/arm-none-eabi/7.3.1/../../../../arm-none-eabi/lib/thumb/v7-m\libc.a(lib_a-atexit.o)
 .debug_frame   0x00000914       0x34 d:/software/compiler/workbench/plugins/fr.ac6.mcu.externaltools.arm-none.win32_1.17.0.201812190825/tools/compiler/bin/../lib/gcc/arm-none-eabi/7.3.1/../../../../arm-none-eabi/lib/thumb/v7-m\libc.a(lib_a-fini.o)
 .debug_frame   0x00000948       0xb0 d:/software/compiler/workbench/plugins/fr.ac6.mcu.externaltools.arm-none.win32_1.17.0.201812190825/tools/compiler/bin/../lib/gcc/arm-none-eabi/7.3.1/../../../../arm-none-eabi/lib/thumb/v7-m\libc.a(lib_a-lock.o)
 .debug_frame   0x000009f8       0x34 d:/software/compiler/workbench/plugins/fr.ac6.mcu.externaltools.arm-none.win32_1.17.0.201812190825/tools/compiler/bin/../lib/gcc/arm-none-eabi/7.3.1/../../../../arm-none-eabi/lib/thumb/v7-m\libc.a(lib_a-__atexit.o)
