Archive member included to satisfy reference by file (symbol)

d:/software/compiler/workbench/plugins/fr.ac6.mcu.externaltools.arm-none.win32_1.17.0.201812190825/tools/compiler/bin/../lib/gcc/arm-none-eabi/7.3.1/../../../../arm-none-eabi/lib/thumb/v7-m\libc.a(lib_a-errno.o)
                              app/sys/src/sysmem.o (__errno)
d:/software/compiler/workbench/plugins/fr.ac6.mcu.externaltools.arm-none.win32_1.17.0.201812190825/tools/compiler/bin/../lib/gcc/arm-none-eabi/7.3.1/../../../../arm-none-eabi/lib/thumb/v7-m\libc.a(lib_a-exit.o)
                              d:/software/compiler/workbench/plugins/fr.ac6.mcu.externaltools.arm-none.win32_1.17.0.201812190825/tools/compiler/bin/../lib/gcc/arm-none-eabi/7.3.1/../../../../arm-none-eabi/lib/thumb/v7-m/crt0.o (exit)
d:/software/compiler/workbench/plugins/fr.ac6.mcu.externaltools.arm-none.win32_1.17.0.201812190825/tools/compiler/bin/../lib/gcc/arm-none-eabi/7.3.1/../../../../arm-none-eabi/lib/thumb/v7-m\libc.a(lib_a-impure.o)
                              d:/software/compiler/workbench/plugins/fr.ac6.mcu.externaltools.arm-none.win32_1.17.0.201812190825/tools/compiler/bin/../lib/gcc/arm-none-eabi/7.3.1/../../../../arm-none-eabi/lib/thumb/v7-m\libc.a(lib_a-exit.o) (_global_impure_ptr)
d:/software/compiler/workbench/plugins/fr.ac6.mcu.externaltools.arm-none.win32_1.17.0.201812190825/tools/compiler/bin/../lib/gcc/arm-none-eabi/7.3.1/../../../../arm-none-eabi/lib/thumb/v7-m\libc.a(lib_a-init.o)
                              d:/software/compiler/workbench/plugins/fr.ac6.mcu.externaltools.arm-none.win32_1.17.0.201812190825/tools/compiler/bin/../lib/gcc/arm-none-eabi/7.3.1/../../../../arm-none-eabi/lib/thumb/v7-m/crt0.o (__libc_init_array)
d:/software/compiler/workbench/plugins/fr.ac6.mcu.externaltools.arm-none.win32_1.17.0.201812190825/tools/compiler/bin/../lib/gcc/arm-none-eabi/7.3.1/../../../../arm-none-eabi/lib/thumb/v7-m\libc.a(lib_a-memset.o)
                              d:/software/compiler/workbench/plugins/fr.ac6.mcu.externaltools.arm-none.win32_1.17.0.201812190825/tools/compiler/bin/../lib/gcc/arm-none-eabi/7.3.1/../../../../arm-none-eabi/lib/thumb/v7-m/crt0.o (memset)
d:/software/compiler/workbench/plugins/fr.ac6.mcu.externaltools.arm-none.win32_1.17.0.201812190825/tools/compiler/bin/../lib/gcc/arm-none-eabi/7.3.1/../../../../arm-none-eabi/lib/thumb/v7-m\libc.a(lib_a-__call_atexit.o)
                              d:/software/compiler/workbench/plugins/fr.ac6.mcu.externaltools.arm-none.win32_1.17.0.201812190825/tools/compiler/bin/../lib/gcc/arm-none-eabi/7.3.1/../../../../arm-none-eabi/lib/thumb/v7-m\libc.a(lib_a-exit.o) (__call_exitprocs)
d:/software/compiler/workbench/plugins/fr.ac6.mcu.externaltools.arm-none.win32_1.17.0.201812190825/tools/compiler/bin/../lib/gcc/arm-none-eabi/7.3.1/../../../../arm-none-eabi/lib/thumb/v7-m\libc.a(lib_a-atexit.o)
                              d:/software/compiler/workbench/plugins/fr.ac6.mcu.externaltools.arm-none.win32_1.17.0.201812190825/tools/compiler/bin/../lib/gcc/arm-none-eabi/7.3.1/../../../../arm-none-eabi/lib/thumb/v7-m\libc.a(lib_a-__call_atexit.o) (atexit)
d:/software/compiler/workbench/plugins/fr.ac6.mcu.externaltools.arm-none.win32_1.17.0.201812190825/tools/compiler/bin/../lib/gcc/arm-none-eabi/7.3.1/../../../../arm-none-eabi/lib/thumb/v7-m\libc.a(lib_a-fini.o)
                              d:/software/compiler/workbench/plugins/fr.ac6.mcu.externaltools.arm-none.win32_1.17.0.201812190825/tools/compiler/bin/../lib/gcc/arm-none-eabi/7.3.1/../../../../arm-none-eabi/lib/thumb/v7-m\libc.a(lib_a-__call_atexit.o) (__libc_fini_array)
d:/software/compiler/workbench/plugins/fr.ac6.mcu.externaltools.arm-none.win32_1.17.0.201812190825/tools/compiler/bin/../lib/gcc/arm-none-eabi/7.3.1/../../../../arm-none-eabi/lib/thumb/v7-m\libc.a(lib_a-lock.o)
                              d:/software/compiler/workbench/plugins/fr.ac6.mcu.externaltools.arm-none.win32_1.17.0.201812190825/tools/compiler/bin/../lib/gcc/arm-none-eabi/7.3.1/../../../../arm-none-eabi/lib/thumb/v7-m\libc.a(lib_a-__call_atexit.o) (__retarget_lock_acquire_recursive)
d:/software/compiler/workbench/plugins/fr.ac6.mcu.externaltools.arm-none.win32_1.17.0.201812190825/tools/compiler/bin/../lib/gcc/arm-none-eabi/7.3.1/../../../../arm-none-eabi/lib/thumb/v7-m\libc.a(lib_a-__atexit.o)
                              d:/software/compiler/workbench/plugins/fr.ac6.mcu.externaltools.arm-none.win32_1.17.0.201812190825/tools/compiler/bin/../lib/gcc/arm-none-eabi/7.3.1/../../../../arm-none-eabi/lib/thumb/v7-m\libc.a(lib_a-atexit.o) (__register_exitproc)

Allocating common symbols
Common symbol       size              file

CommBuffer          0xe               platform/comm/src/comm.o
__lock___atexit_recursive_mutex
                    0x1               d:/software/compiler/workbench/plugins/fr.ac6.mcu.externaltools.arm-none.win32_1.17.0.201812190825/tools/compiler/bin/../lib/gcc/arm-none-eabi/7.3.1/../../../../arm-none-eabi/lib/thumb/v7-m\libc.a(lib_a-lock.o)
[...]
Memory Configuration

Name             Origin             Length             Attributes
RAM              0x20000000         0x00005000         xrw
ROM              0x08000000         0x00010000         xr
*default*        0x00000000         0xffffffff

Linker script and memory map

LOAD d:/software/compiler/workbench/plugins/fr.ac6.mcu.externaltools.arm-none.win32_1.17.0.201812190825/tools/compiler/bin/../lib/gcc/arm-none-eabi/7.3.1/thumb/v7-m/crti.o
LOAD d:/software/compiler/workbench/plugins/fr.ac6.mcu.externaltools.arm-none.win32_1.17.0.201812190825/tools/compiler/bin/../lib/gcc/arm-none-eabi/7.3.1/thumb/v7-m/crtbegin.o
LOAD d:/software/compiler/workbench/plugins/fr.ac6.mcu.externaltools.arm-none.win32_1.17.0.201812190825/tools/compiler/bin/../lib/gcc/arm-none-eabi/7.3.1/../../../../arm-none-eabi/lib/thumb/v7-m/crt0.o
LOAD app/sys/src/startup_stm32.o
LOAD app/sys/src/sys.o
LOAD app/sys/src/sysmem.o
LOAD drv/clock/src/clock.o
LOAD drv/core/src/core.o
LOAD drv/flash/src/flash.o
LOAD drv/gpio/src/gpio.o
LOAD drv/uart/src/uart.o
LOAD myLib/queue/src/queue_static.o
LOAD platform/comm/src/comm.o
LOAD platform/serial_interface/src/serial_interface.o
LOAD d:/software/compiler/workbench/plugins/fr.ac6.mcu.externaltools.arm-none.win32_1.17.0.201812190825/tools/compiler/bin/../lib/gcc/arm-none-eabi/7.3.1/../../../../arm-none-eabi/lib/thumb/v7-m\libm.a
START GROUP
LOAD d:/software/compiler/workbench/plugins/fr.ac6.mcu.externaltools.arm-none.win32_1.17.0.201812190825/tools/compiler/bin/../lib/gcc/arm-none-eabi/7.3.1/thumb/v7-m\libgcc.a
LOAD d:/software/compiler/workbench/plugins/fr.ac6.mcu.externaltools.arm-none.win32_1.17.0.201812190825/tools/compiler/bin/../lib/gcc/arm-none-eabi/7.3.1/../../../../arm-none-eabi/lib/thumb/v7-m\libc.a
END GROUP
LOAD d:/software/compiler/workbench/plugins/fr.ac6.mcu.externaltools.arm-none.win32_1.17.0.201812190825/tools/compiler/bin/../lib/gcc/arm-none-eabi/7.3.1/thumb/v7-m/crtend.o
LOAD d:/software/compiler/workbench/plugins/fr.ac6.mcu.externaltools.arm-none.win32_1.17.0.201812190825/tools/compiler/bin/../lib/gcc/arm-none-eabi/7.3.1/thumb/v7-m/crtn.o
                0x20005000                _estack = 0x20005000
                0x00000000                _Min_Heap_Size = 0x0
                0x00000400                _Min_Stack_Size = 0x400

.isr_vector     0x08000000      0x130
                0x08000000                . = ALIGN (0x4)
 *(.isr_vector)
 .isr_vector    0x08000000      0x130 app/sys/src/startup_stm32.o
                0x08000000                g_pfnVectors
                0x08000130                . = ALIGN (0x4)

.text           0x08000130     0x1190
                0x08000130                . = ALIGN (0x4)
 *(.text)
 .text          0x08000130       0x40 d:/software/compiler/workbench/plugins/fr.ac6.mcu.externaltools.arm-none.win32_1.17.0.201812190825/tools/compiler/bin/../lib/gcc/arm-none-eabi/7.3.1/thumb/v7-m/crtbegin.o
 *(.text*)
 .text.Reset_Handler
                0x08000170       0x50 app/sys/src/startup_stm32.o
                0x08000170                Reset_Handler
 .text.Default_Handler
                0x080001c0        0x2 app/sys/src/startup_stm32.o
                0x080001c0                EXTI2_IRQHandler
                0x080001c0                TIM8_TRG_COM_IRQHandler
                0x080001c0                TIM8_CC_IRQHandler
                0x080001c0                DebugMon_Handler
                0x080001c0                TIM1_CC_IRQHandler
                0x080001c0                TIM6_IRQHandler
                0x080001c0                SysTick_Handler
                0x080001c0                PVD_IRQHandler
                0x080001c0                SDIO_IRQHandler
                0x080001c0                PendSV_Handler
                0x080001c0                EXTI3_IRQHandler
                0x080001c0                USB_HP_CAN_TX_IRQHandler
                0x080001c0                EXTI0_IRQHandler
                0x080001c0                I2C2_EV_IRQHandler
                0x080001c0                ADC1_2_IRQHandler
                0x080001c0                SPI1_IRQHandler
                0x080001c0                CAN_SCE_IRQHandler
                0x080001c0                TAMPER_IRQHandler
                0x080001c0                TIM8_UP_IRQHandler
                0x080001c0                DMA2_Channel2_IRQHandler
                0x080001c0                DMA1_Channel4_IRQHandler
                0x080001c0                RTC_IRQHandler
                0x080001c0                DMA1_Channel7_IRQHandler
                0x080001c0                UART5_IRQHandler
                0x080001c0                ADC3_IRQHandler
                0x080001c0                TIM4_IRQHandler
                0x080001c0                CAN_RX1_IRQHandler
                0x080001c0                DMA2_Channel1_IRQHandler
                0x080001c0                I2C1_EV_IRQHandler
                0x080001c0                DMA1_Channel6_IRQHandler
                0x080001c0                UART4_IRQHandler
                0x080001c0                TIM3_IRQHandler
                0x080001c0                RCC_IRQHandler
                0x080001c0                TIM1_TRG_COM_IRQHandler
                0x080001c0                DMA1_Channel1_IRQHandler
                0x080001c0                Default_Handler
                0x080001c0                EXTI15_10_IRQHandler
                0x080001c0                TIM7_IRQHandler
                0x080001c0                TIM5_IRQHandler
                0x080001c0                EXTI9_5_IRQHandler
                0x080001c0                SPI2_IRQHandler
                0x080001c0                USB_LP_CAN_RX0_IRQHandler
                0x080001c0                SVC_Handler
                0x080001c0                DMA1_Channel5_IRQHandler
                0x080001c0                EXTI4_IRQHandler
                0x080001c0                DMA1_Channel3_IRQHandler
                0x080001c0                FSMC_IRQHandler
                0x080001c0                TIM1_UP_IRQHandler
                0x080001c0                WWDG_IRQHandler
                0x080001c0                TIM2_IRQHandler
                0x080001c0                TIM1_BRK_IRQHandler
                0x080001c0                EXTI1_IRQHandler
                0x080001c0                RTCAlarm_IRQHandler
                0x080001c0                DMA2_Channel4_5_IRQHandler
                0x080001c0                I2C2_ER_IRQHandler
                0x080001c0                DMA1_Channel2_IRQHandler
                0x080001c0                TIM8_BRK_IRQHandler
                0x080001c0                FLASH_IRQHandler
                0x080001c0                SPI3_IRQHandler
                0x080001c0                I2C1_ER_IRQHandler
                0x080001c0                DMA2_Channel3_IRQHandler
 .text.main     0x080001c2       0x12 app/sys/src/sys.o
                0x080001c2                main
 .text.Sys_Init
                0x080001d4       0x10 app/sys/src/sys.o
                0x080001d4                Sys_Init
 .text.Sys_Run  0x080001e4        0xa app/sys/src/sys.o
                0x080001e4                Sys_Run
 *fill*         0x080001ee        0x2 
 .text.System_Clk_Params_Init
                0x080001f0      0x194 drv/clock/src/clock.o
                0x080001f0                System_Clk_Params_Init
 .text.System_Flash_Init
                0x08000384       0x34 drv/clock/src/clock.o
                0x08000384                System_Flash_Init
 .text.System_Flash_Vector_Init
                0x080003b8       0x18 drv/clock/src/clock.o
                0x080003b8                System_Flash_Vector_Init
 .text.System_Clock_Init
                0x080003d0      0x130 drv/clock/src/clock.o
                0x080003d0                System_Clock_Init
 .text.System_Init
                0x08000500       0x98 drv/clock/src/clock.o
                0x08000500                System_Init
 .text.NMI_Handler
                0x08000598       0x22 drv/core/src/core.o
                0x08000598                NMI_Handler
 .text.HardFault_Handler
                0x080005ba       0x20 drv/core/src/core.o
                0x080005ba                HardFault_Handler
 .text.MemManage_Handler
                0x080005da       0x22 drv/core/src/core.o
                0x080005da                MemManage_Handler
 .text.BusFault_Handler
                0x080005fc       0x22 drv/core/src/core.o
                0x080005fc                BusFault_Handler
 .text.UsageFault_Handler
                0x0800061e       0x22 drv/core/src/core.o
                0x0800061e                UsageFault_Handler
 .text.GPIO_GetBase_Add
                0x08000640       0x68 drv/gpio/src/gpio.o
                0x08000640                GPIO_GetBase_Add
 .text.GPIO_SetConfig
                0x080006a8       0xbc drv/gpio/src/gpio.o
                0x080006a8                GPIO_SetConfig
 .text.GPIO_Clock_Init
                0x08000764       0x4c drv/gpio/src/gpio.o
                0x08000764                GPIO_Clock_Init
 .text.__NVIC_EnableIRQ
                0x080007b0       0x38 drv/uart/src/uart.o
 .text.USART1_IRQHandler
                0x080007e8       0x40 drv/uart/src/uart.o
                0x080007e8                USART1_IRQHandler
 .text.USART2_IRQHandler
                0x08000828       0x14 drv/uart/src/uart.o
                0x08000828                USART2_IRQHandler
 .text.USART3_IRQHandler
                0x0800083c       0x14 drv/uart/src/uart.o
                0x0800083c                USART3_IRQHandler
 .text.UART_GetBase_Add
                0x08000850       0x4c drv/uart/src/uart.o
 .text.UART_Is_Channel_Available
                0x0800089c       0x40 drv/uart/src/uart.o
 .text.UART_SetConfig
                0x080008dc       0xa8 drv/uart/src/uart.o
                0x080008dc                UART_SetConfig
 .text.UART_Init
                0x08000984      0x150 drv/uart/src/uart.o
                0x08000984                UART_Init
 .text.UART_Open
                0x08000ad4       0x54 drv/uart/src/uart.o
                0x08000ad4                UART_Open
 .text.UART_TxByte
                0x08000b28       0x38 drv/uart/src/uart.o
                0x08000b28                UART_TxByte
 .text.IsQueueFull
                0x08000b60       0x48 myLib/queue/src/queue_static.o
                0x08000b60                IsQueueFull
 .text.MyStaticQueue_IsQueueEmpty
                0x08000ba8       0x34 myLib/queue/src/queue_static.o
                0x08000ba8                MyStaticQueue_IsQueueEmpty
 .text.MyStaticQueue_Init
                0x08000bdc       0x3e myLib/queue/src/queue_static.o
                0x08000bdc                MyStaticQueue_Init
 *fill*         0x08000c1a        0x2 
 .text.MyStaticQueue_EnQueue
                0x08000c1c       0x7c myLib/queue/src/queue_static.o
                0x08000c1c                MyStaticQueue_EnQueue
 .text.MyStaticQueue_DeQueue
                0x08000c98       0x84 myLib/queue/src/queue_static.o
                0x08000c98                MyStaticQueue_DeQueue
 .text.Comm_Init
                0x08000d1c       0x84 platform/comm/src/comm.o
                0x08000d1c                Comm_Init
 .text.Comm_Rx_Handler
                0x08000da0       0x20 platform/comm/src/comm.o
                0x08000da0                Comm_Rx_Handler
 .text.Comm_Rx_Byte
                0x08000dc0       0x20 platform/comm/src/comm.o
                0x08000dc0                Comm_Rx_Byte
 .text.Comm_Tx_Frame
                0x08000de0       0x70 platform/comm/src/comm.o
                0x08000de0                Comm_Tx_Frame
 .text.Comm_Get_Checksum
                0x08000e50       0x4e platform/comm/src/comm.o
                0x08000e50                Comm_Get_Checksum
 *fill*         0x08000e9e        0x2 
 .text.SI_Rx_Handler
                0x08000ea0       0xb0 platform/serial_interface/src/serial_interface.o
                0x08000ea0                SI_Rx_Handler
 .text.SI_Get_MessageIndex
                0x08000f50       0x4c platform/serial_interface/src/serial_interface.o
                0x08000f50                SI_Get_MessageIndex
 .text.SI_Rx_Callback
                0x08000f9c       0x94 platform/serial_interface/src/serial_interface.o
                0x08000f9c                SI_Rx_Callback
 .text.SI_Validate_Checksum
                0x08001030       0x68 platform/serial_interface/src/serial_interface.o
                0x08001030                SI_Validate_Checksum
 .text.MsgAlive_SI_Callback
                0x08001098       0x40 platform/serial_interface/src/serial_interface.o
 .text.MsgAck_SI_Callback
                0x080010d8       0x24 platform/serial_interface/src/serial_interface.o
 .text.MsgNack_SI_Callback
                0x080010fc       0x24 platform/serial_interface/src/serial_interface.o
 .text.MsgInvalidId_SI_Callback
                0x08001120       0x24 platform/serial_interface/src/serial_interface.o
 .text.__libc_init_array
                0x08001144       0x48 d:/software/compiler/workbench/plugins/fr.ac6.mcu.externaltools.arm-none.win32_1.17.0.201812190825/tools/compiler/bin/../lib/gcc/arm-none-eabi/7.3.1/../../../../arm-none-eabi/lib/thumb/v7-m\libc.a(lib_a-init.o)
                0x08001144                __libc_init_array
 .text.startup.register_fini
                0x0800118c       0x14 d:/software/compiler/workbench/plugins/fr.ac6.mcu.externaltools.arm-none.win32_1.17.0.201812190825/tools/compiler/bin/../lib/gcc/arm-none-eabi/7.3.1/../../../../arm-none-eabi/lib/thumb/v7-m\libc.a(lib_a-__call_atexit.o)
 .text.atexit   0x080011a0        0xc d:/software/compiler/workbench/plugins/fr.ac6.mcu.externaltools.arm-none.win32_1.17.0.201812190825/tools/compiler/bin/../lib/gcc/arm-none-eabi/7.3.1/../../../../arm-none-eabi/lib/thumb/v7-m\libc.a(lib_a-atexit.o)
                0x080011a0                atexit
 .text.__libc_fini_array
                0x080011ac       0x34 d:/software/compiler/workbench/plugins/fr.ac6.mcu.externaltools.arm-none.win32_1.17.0.201812190825/tools/compiler/bin/../lib/gcc/arm-none-eabi/7.3.1/../../../../arm-none-eabi/lib/thumb/v7-m\libc.a(lib_a-fini.o)
                0x080011ac                __libc_fini_array
 .text.__retarget_lock_acquire_recursive
                0x080011e0        0x4 d:/software/compiler/workbench/plugins/fr.ac6.mcu.externaltools.arm-none.win32_1.17.0.201812190825/tools/compiler/bin/../lib/gcc/arm-none-eabi/7.3.1/../../../../arm-none-eabi/lib/thumb/v7-m\libc.a(lib_a-lock.o)
                0x080011e0                __retarget_lock_acquire_recursive
 .text.__retarget_lock_release_recursive
                0x080011e4        0x4 d:/software/compiler/workbench/plugins/fr.ac6.mcu.externaltools.arm-none.win32_1.17.0.201812190825/tools/compiler/bin/../lib/gcc/arm-none-eabi/7.3.1/../../../../arm-none-eabi/lib/thumb/v7-m\libc.a(lib_a-lock.o)
                0x080011e4                __retarget_lock_release_recursive
 .text.__register_exitproc
                0x080011e8       0xc0 d:/software/compiler/workbench/plugins/fr.ac6.mcu.externaltools.arm-none.win32_1.17.0.201812190825/tools/compiler/bin/../lib/gcc/arm-none-eabi/7.3.1/../../../../arm-none-eabi/lib/thumb/v7-m\libc.a(lib_a-__atexit.o)
                0x080011e8                __register_exitproc
 *(.glue_7)
 .glue_7        0x080012a8        0x0 linker stubs
 *(.glue_7t)
 .glue_7t       0x080012a8        0x0 linker stubs
 *(.eh_frame)
 .eh_frame      0x080012a8        0x0 d:/software/compiler/workbench/plugins/fr.ac6.mcu.externaltools.arm-none.win32_1.17.0.201812190825/tools/compiler/bin/../lib/gcc/arm-none-eabi/7.3.1/thumb/v7-m/crtbegin.o
 *(.init)
 .init          0x080012a8        0x4 d:/software/compiler/workbench/plugins/fr.ac6.mcu.externaltools.arm-none.win32_1.17.0.201812190825/tools/compiler/bin/../lib/gcc/arm-none-eabi/7.3.1/thumb/v7-m/crti.o
                0x080012a8                _init
 .init          0x080012ac        0x8 d:/software/compiler/workbench/plugins/fr.ac6.mcu.externaltools.arm-none.win32_1.17.0.201812190825/tools/compiler/bin/../lib/gcc/arm-none-eabi/7.3.1/thumb/v7-m/crtn.o
 *(.fini)
 .fini          0x080012b4        0x4 d:/software/compiler/workbench/plugins/fr.ac6.mcu.externaltools.arm-none.win32_1.17.0.201812190825/tools/compiler/bin/../lib/gcc/arm-none-eabi/7.3.1/thumb/v7-m/crti.o
                0x080012b4                _fini
 .fini          0x080012b8        0x8 d:/software/compiler/workbench/plugins/fr.ac6.mcu.externaltools.arm-none.win32_1.17.0.201812190825/tools/compiler/bin/../lib/gcc/arm-none-eabi/7.3.1/thumb/v7-m/crtn.o
                0x080012c0                . = ALIGN (0x4)
                0x080012c0                _etext = .

.vfp11_veneer   0x080012c0        0x0
 .vfp11_veneer  0x080012c0        0x0 linker stubs

.v4_bx          0x080012c0        0x0
 .v4_bx         0x080012c0        0x0 linker stubs

.iplt           0x080012c0        0x0
 .iplt          0x080012c0        0x0 d:/software/compiler/workbench/plugins/fr.ac6.mcu.externaltools.arm-none.win32_1.17.0.201812190825/tools/compiler/bin/../lib/gcc/arm-none-eabi/7.3.1/thumb/v7-m/crtbegin.o

.rodata         0x080012c0        0x4
                0x080012c0                . = ALIGN (0x4)
 *(.rodata)
 *(.rodata*)
 .rodata._global_impure_ptr
                0x080012c0        0x4 d:/software/compiler/workbench/plugins/fr.ac6.mcu.externaltools.arm-none.win32_1.17.0.201812190825/tools/compiler/bin/../lib/gcc/arm-none-eabi/7.3.1/../../../../arm-none-eabi/lib/thumb/v7-m\libc.a(lib_a-impure.o)
                0x080012c0                _global_impure_ptr
                0x080012c4                . = ALIGN (0x4)

.rel.dyn        0x080012c4        0x0
 .rel.iplt      0x080012c4        0x0 d:/software/compiler/workbench/plugins/fr.ac6.mcu.externaltools.arm-none.win32_1.17.0.201812190825/tools/compiler/bin/../lib/gcc/arm-none-eabi/7.3.1/thumb/v7-m/crtbegin.o

.ARM.extab      0x080012c4        0x0
                0x080012c4                . = ALIGN (0x4)
 *(.ARM.extab* .gnu.linkonce.armextab.*)
                0x080012c4                . = ALIGN (0x4)

.ARM            0x080012c4        0x0
                0x080012c4                . = ALIGN (0x4)
                0x080012c4                __exidx_start = .
 *(.ARM.exidx*)
                0x080012c4                __exidx_end = .
                0x080012c4                . = ALIGN (0x4)

.preinit_array  0x080012c4        0x0
                0x080012c4                . = ALIGN (0x4)
                0x080012c4                PROVIDE (__preinit_array_start = .)
 *(.preinit_array*)
                0x080012c4                PROVIDE (__preinit_array_end = .)
                0x080012c4                . = ALIGN (0x4)

.init_array     0x080012c4        0x8
                0x080012c4                . = ALIGN (0x4)
                0x080012c4                PROVIDE (__init_array_start = .)
 *(SORT_BY_NAME(.init_array.*))
 .init_array.00000
                0x080012c4        0x4 d:/software/compiler/workbench/plugins/fr.ac6.mcu.externaltools.arm-none.win32_1.17.0.201812190825/tools/compiler/bin/../lib/gcc/arm-none-eabi/7.3.1/../../../../arm-none-eabi/lib/thumb/v7-m\libc.a(lib_a-__call_atexit.o)
 *(.init_array*)
 .init_array    0x080012c8        0x4 d:/software/compiler/workbench/plugins/fr.ac6.mcu.externaltools.arm-none.win32_1.17.0.201812190825/tools/compiler/bin/../lib/gcc/arm-none-eabi/7.3.1/thumb/v7-m/crtbegin.o
                0x080012cc                PROVIDE (__init_array_end = .)
                0x080012cc                . = ALIGN (0x4)

.fini_array     0x080012cc        0x4
                0x080012cc                . = ALIGN (0x4)
                0x080012cc                PROVIDE (__fini_array_start = .)
 *(SORT_BY_NAME(.fini_array.*))
 *(.fini_array*)
 .fini_array    0x080012cc        0x4 d:/software/compiler/workbench/plugins/fr.ac6.mcu.externaltools.arm-none.win32_1.17.0.201812190825/tools/compiler/bin/../lib/gcc/arm-none-eabi/7.3.1/thumb/v7-m/crtbegin.o
                0x080012d0                PROVIDE (__fini_array_end = .)
                0x080012d0                . = ALIGN (0x4)
                0x080012d0                _sidata = LOADADDR (.data)

.data           0x20000000      0x454 load address 0x080012d0
                0x20000000                . = ALIGN (0x4)
                0x20000000                _sdata = .
 *(.data)
 .data          0x20000000        0x3 drv/clock/src/clock.o
                0x20000000                SystemClock_Global
 *fill*         0x20000003        0x1 
 .data          0x20000004       0x20 platform/serial_interface/src/serial_interface.o
                0x20000004                SI_Msg
 *(.data*)
 *fill*         0x20000024        0x4 
 .data.impure_data
                0x20000028      0x428 d:/software/compiler/workbench/plugins/fr.ac6.mcu.externaltools.arm-none.win32_1.17.0.201812190825/tools/compiler/bin/../lib/gcc/arm-none-eabi/7.3.1/../../../../arm-none-eabi/lib/thumb/v7-m\libc.a(lib_a-impure.o)
 .data.__atexit_recursive_mutex
                0x20000450        0x4 d:/software/compiler/workbench/plugins/fr.ac6.mcu.externaltools.arm-none.win32_1.17.0.201812190825/tools/compiler/bin/../lib/gcc/arm-none-eabi/7.3.1/../../../../arm-none-eabi/lib/thumb/v7-m\libc.a(lib_a-__call_atexit.o)
                0x20000450                __atexit_recursive_mutex
                0x20000454                . = ALIGN (0x4)
                0x20000454                _edata = .

.igot.plt       0x20000454        0x0 load address 0x08001724
 .igot.plt      0x20000454        0x0 d:/software/compiler/workbench/plugins/fr.ac6.mcu.externaltools.arm-none.win32_1.17.0.201812190825/tools/compiler/bin/../lib/gcc/arm-none-eabi/7.3.1/thumb/v7-m/crtbegin.o
                0x20000454                . = ALIGN (0x4)

.bss            0x20000454       0x88 load address 0x08001724
                0x20000454                _sbss = .
                0x20000454                __bss_start__ = _sbss
 *(.bss)
 .bss           0x20000454       0x1c d:/software/compiler/workbench/plugins/fr.ac6.mcu.externaltools.arm-none.win32_1.17.0.201812190825/tools/compiler/bin/../lib/gcc/arm-none-eabi/7.3.1/thumb/v7-m/crtbegin.o
 .bss           0x20000470       0x18 drv/uart/src/uart.o
                0x20000470                UART_Handles
 .bss           0x20000488        0x4 platform/comm/src/comm.o
                0x20000488                CommUart_Handle
 .bss           0x2000048c        0x2 platform/serial_interface/src/serial_interface.o
 *(.bss*)
 *(COMMON)
 *fill*         0x2000048e        0x2 
 COMMON         0x20000490        0xc drv/uart/src/uart.o
                0x20000490                rx_callback
 COMMON         0x2000049c        0xe platform/comm/src/comm.o
                0x2000049c                CommBuffer
 *fill*         0x200004aa        0x2 
 COMMON         0x200004ac        0xa platform/serial_interface/src/serial_interface.o
                0x200004ac                SI_Rx_Frame
 *fill*         0x200004b6        0x2 
 COMMON         0x200004b8       0x21 d:/software/compiler/workbench/plugins/fr.ac6.mcu.externaltools.arm-none.win32_1.17.0.201812190825/tools/compiler/bin/../lib/gcc/arm-none-eabi/7.3.1/../../../../arm-none-eabi/lib/thumb/v7-m\libc.a(lib_a-lock.o)
                0x200004b8                __lock___atexit_recursive_mutex
                0x200004bc                __lock___arc4random_mutex
                0x200004c0                __lock___env_recursive_mutex
                0x200004c4                __lock___sinit_recursive_mutex
                0x200004c8                __lock___malloc_recursive_mutex
                0x200004cc                __lock___at_quick_exit_mutex
                0x200004d0                __lock___dd_hash_mutex
                0x200004d4                __lock___tz_mutex
                0x200004d8                __lock___sfp_recursive_mutex
                0x200004dc                . = ALIGN (0x4)
 *fill*         0x200004d9        0x3 
                0x200004dc                _ebss = .
                0x200004dc                __bss_end__ = _ebss

._user_heap_stack
                0x200004dc      0x404 load address 0x08001724
                0x200004e0                . = ALIGN (0x8)
 *fill*         0x200004dc        0x4 
                0x200004e0                PROVIDE (end = .)
                [!provide]                PROVIDE (_end = .)
                0x200004e0                . = (. + _Min_Heap_Size)
                0x200008e0                . = (. + _Min_Stack_Size)
 *fill*         0x200004e0      0x400 
                0x200008e0                . = ALIGN (0x8)

/DISCARD/
 libc.a(*)
 libm.a(*)
 libgcc.a(*)

.ARM.attributes
                0x00000000       0x29
 *(.ARM.attributes)
 .ARM.attributes
                0x00000000       0x1d d:/software/compiler/workbench/plugins/fr.ac6.mcu.externaltools.arm-none.win32_1.17.0.201812190825/tools/compiler/bin/../lib/gcc/arm-none-eabi/7.3.1/thumb/v7-m/crti.o
 .ARM.attributes
                0x0000001d       0x2d d:/software/compiler/workbench/plugins/fr.ac6.mcu.externaltools.arm-none.win32_1.17.0.201812190825/tools/compiler/bin/../lib/gcc/arm-none-eabi/7.3.1/thumb/v7-m/crtbegin.o
 .ARM.attributes
                0x0000004a       0x21 app/sys/src/startup_stm32.o
 .ARM.attributes
                0x0000006b       0x33 app/sys/src/sys.o
 .ARM.attributes
                0x0000009e       0x33 drv/clock/src/clock.o
 .ARM.attributes
                0x000000d1       0x33 drv/core/src/core.o
 .ARM.attributes
                0x00000104       0x33 drv/gpio/src/gpio.o
 .ARM.attributes
                0x00000137       0x33 drv/uart/src/uart.o
 .ARM.attributes
                0x0000016a       0x33 myLib/queue/src/queue_static.o
 .ARM.attributes
                0x0000019d       0x33 platform/comm/src/comm.o
 .ARM.attributes
                0x000001d0       0x33 platform/serial_interface/src/serial_interface.o
 .ARM.attributes
                0x00000203       0x2d d:/software/compiler/workbench/plugins/fr.ac6.mcu.externaltools.arm-none.win32_1.17.0.201812190825/tools/compiler/bin/../lib/gcc/arm-none-eabi/7.3.1/../../../../arm-none-eabi/lib/thumb/v7-m\libc.a(lib_a-impure.o)
 .ARM.attributes
                0x00000230       0x2d d:/software/compiler/workbench/plugins/fr.ac6.mcu.externaltools.arm-none.win32_1.17.0.201812190825/tools/compiler/bin/../lib/gcc/arm-none-eabi/7.3.1/../../../../arm-none-eabi/lib/thumb/v7-m\libc.a(lib_a-init.o)
 .ARM.attributes
                0x0000025d       0x2d d:/software/compiler/workbench/plugins/fr.ac6.mcu.externaltools.arm-none.win32_1.17.0.201812190825/tools/compiler/bin/../lib/gcc/arm-none-eabi/7.3.1/../../../../arm-none-eabi/lib/thumb/v7-m\libc.a(lib_a-__call_atexit.o)
 .ARM.attributes
                0x0000028a       0x2d d:/software/compiler/workbench/plugins/fr.ac6.mcu.externaltools.arm-none.win32_1.17.0.201812190825/tools/compiler/bin/../lib/gcc/arm-none-eabi/7.3.1/../../../../arm-none-eabi/lib/thumb/v7-m\libc.a(lib_a-atexit.o)
 .ARM.attributes
                0x000002b7       0x2d d:/software/compiler/workbench/plugins/fr.ac6.mcu.externaltools.arm-none.win32_1.17.0.201812190825/tools/compiler/bin/../lib/gcc/arm-none-eabi/7.3.1/../../../../arm-none-eabi/lib/thumb/v7-m\libc.a(lib_a-fini.o)
 .ARM.attributes
                0x000002e4       0x2d d:/software/compiler/workbench/plugins/fr.ac6.mcu.externaltools.arm-none.win32_1.17.0.201812190825/tools/compiler/bin/../lib/gcc/arm-none-eabi/7.3.1/../../../../arm-none-eabi/lib/thumb/v7-m\libc.a(lib_a-lock.o)
 .ARM.attributes
                0x00000311       0x2d d:/software/compiler/workbench/plugins/fr.ac6.mcu.externaltools.arm-none.win32_1.17.0.201812190825/tools/compiler/bin/../lib/gcc/arm-none-eabi/7.3.1/../../../../arm-none-eabi/lib/thumb/v7-m\libc.a(lib_a-__atexit.o)
 .ARM.attributes
                0x0000033e       0x1d d:/software/compiler/workbench/plugins/fr.ac6.mcu.externaltools.arm-none.win32_1.17.0.201812190825/tools/compiler/bin/../lib/gcc/arm-none-eabi/7.3.1/thumb/v7-m/crtn.o
OUTPUT(stm32_app1.elf elf32-littlearm)

.debug_line     0x00000000     0x4224
 .debug_line    0x00000000       0x80 app/sys/src/startup_stm32.o
 .debug_line    0x00000080      0x8fe app/sys/src/sys.o
 .debug_line    0x0000097e      0x84a drv/clock/src/clock.o
 .debug_line    0x000011c8      0x7d0 drv/core/src/core.o
 .debug_line    0x00001998      0x82f drv/gpio/src/gpio.o
 .debug_line    0x000021c7      0x934 drv/uart/src/uart.o
 .debug_line    0x00002afb      0x3ae myLib/queue/src/queue_static.o
 .debug_line    0x00002ea9      0x962 platform/comm/src/comm.o
 .debug_line    0x0000380b      0xa19 platform/serial_interface/src/serial_interface.o

.debug_info     0x00000000     0x58e4
 .debug_info    0x00000000       0x22 app/sys/src/startup_stm32.o
 .debug_info    0x00000022      0x8f7 app/sys/src/sys.o
 .debug_info    0x00000919      0xd3f drv/clock/src/clock.o
 .debug_info    0x00001658      0x9c4 drv/core/src/core.o
 .debug_info    0x0000201c      0xca2 drv/gpio/src/gpio.o
 .debug_info    0x00002cbe     0x10f5 drv/uart/src/uart.o
 .debug_info    0x00003db3      0x26e myLib/queue/src/queue_static.o
 .debug_info    0x00004021      0xcaa platform/comm/src/comm.o
 .debug_info    0x00004ccb      0xc19 platform/serial_interface/src/serial_interface.o

.debug_abbrev   0x00000000     0x10f3
 .debug_abbrev  0x00000000       0x12 app/sys/src/startup_stm32.o
 .debug_abbrev  0x00000012      0x1ba app/sys/src/sys.o
 .debug_abbrev  0x000001cc      0x22c drv/clock/src/clock.o
 .debug_abbrev  0x000003f8      0x1e9 drv/core/src/core.o
 .debug_abbrev  0x000005e1      0x246 drv/gpio/src/gpio.o
 .debug_abbrev  0x00000827      0x32e drv/uart/src/uart.o
 .debug_abbrev  0x00000b55      0x10c myLib/queue/src/queue_static.o
 .debug_abbrev  0x00000c61      0x23f platform/comm/src/comm.o
 .debug_abbrev  0x00000ea0      0x253 platform/serial_interface/src/serial_interface.o

.debug_aranges  0x00000000      0x2c0
 .debug_aranges
                0x00000000       0x28 app/sys/src/startup_stm32.o
 .debug_aranges
                0x00000028       0x30 app/sys/src/sys.o
 .debug_aranges
                0x00000058       0x40 drv/clock/src/clock.o
 .debug_aranges
                0x00000098       0x48 drv/core/src/core.o
 .debug_aranges
                0x000000e0       0x60 drv/gpio/src/gpio.o
 .debug_aranges
                0x00000140       0xa0 drv/uart/src/uart.o
 .debug_aranges
                0x000001e0       0x48 myLib/queue/src/queue_static.o
 .debug_aranges
                0x00000228       0x40 platform/comm/src/comm.o
 .debug_aranges
                0x00000268       0x58 platform/serial_interface/src/serial_interface.o

.debug_str      0x00000000    0x399b2
 .debug_str     0x00000000       0x8a app/sys/src/startup_stm32.o
 .debug_str     0x0000008a    0x38841 app/sys/src/sys.o
                              0x38ac2 (size before relaxing)
 .debug_str     0x000388cb      0x49e drv/clock/src/clock.o
                              0x38f02 (size before relaxing)
 .debug_str     0x00038d69       0x7e drv/core/src/core.o
                              0x38ae0 (size before relaxing)
 .debug_str     0x00038de7      0x160 drv/gpio/src/gpio.o
                              0x38c08 (size before relaxing)
 .debug_str     0x00038f47      0x57a drv/uart/src/uart.o
                              0x39054 (size before relaxing)
 .debug_str     0x000394c1       0xe0 myLib/queue/src/queue_static.o
                               0x3d3a (size before relaxing)
 .debug_str     0x000395a1       0x8a platform/comm/src/comm.o
                              0x38d33 (size before relaxing)
 .debug_str     0x0003962b      0x387 platform/serial_interface/src/serial_interface.o
                              0x38e67 (size before relaxing)

.debug_ranges   0x00000000      0x238
 .debug_ranges  0x00000000       0x20 app/sys/src/startup_stm32.o
 .debug_ranges  0x00000020       0x20 app/sys/src/sys.o
 .debug_ranges  0x00000040       0x30 drv/clock/src/clock.o
 .debug_ranges  0x00000070       0x38 drv/core/src/core.o
 .debug_ranges  0x000000a8       0x50 drv/gpio/src/gpio.o
 .debug_ranges  0x000000f8       0x90 drv/uart/src/uart.o
 .debug_ranges  0x00000188       0x38 myLib/queue/src/queue_static.o
 .debug_ranges  0x000001c0       0x30 platform/comm/src/comm.o
 .debug_ranges  0x000001f0       0x48 platform/serial_interface/src/serial_interface.o

.debug_macro    0x00000000     0xb45e
 .debug_macro   0x00000000      0x1da app/sys/src/sys.o
 .debug_macro   0x000001da      0xa60 app/sys/src/sys.o
 .debug_macro   0x00000c3a       0x2e app/sys/src/sys.o
 .debug_macro   0x00000c68       0x22 app/sys/src/sys.o
 .debug_macro   0x00000c8a       0x8e app/sys/src/sys.o
 .debug_macro   0x00000d18       0x51 app/sys/src/sys.o
 .debug_macro   0x00000d69       0xef app/sys/src/sys.o
 .debug_macro   0x00000e58       0x6a app/sys/src/sys.o
 .debug_macro   0x00000ec2      0x1df app/sys/src/sys.o
 .debug_macro   0x000010a1       0x5e app/sys/src/sys.o
 .debug_macro   0x000010ff       0x18 app/sys/src/sys.o
 .debug_macro   0x00001117       0x35 app/sys/src/sys.o
 .debug_macro   0x0000114c       0x34 app/sys/src/sys.o
 .debug_macro   0x00001180      0x174 app/sys/src/sys.o
 .debug_macro   0x000012f4       0x58 app/sys/src/sys.o
 .debug_macro   0x0000134c       0x1f app/sys/src/sys.o
 .debug_macro   0x0000136b       0x43 app/sys/src/sys.o
 .debug_macro   0x000013ae       0x20 app/sys/src/sys.o
 .debug_macro   0x000013ce      0x18e app/sys/src/sys.o
 .debug_macro   0x0000155c      0x330 app/sys/src/sys.o
 .debug_macro   0x0000188c       0x10 app/sys/src/sys.o
 .debug_macro   0x0000189c       0x35 app/sys/src/sys.o
 .debug_macro   0x000018d1       0x16 app/sys/src/sys.o
 .debug_macro   0x000018e7       0x63 app/sys/src/sys.o
 .debug_macro   0x0000194a       0x1c app/sys/src/sys.o
 .debug_macro   0x00001966       0x22 app/sys/src/sys.o
 .debug_macro   0x00001988       0xbd app/sys/src/sys.o
 .debug_macro   0x00001a45      0xd23 app/sys/src/sys.o
 .debug_macro   0x00002768     0x7ee4 app/sys/src/sys.o
 .debug_macro   0x0000a64c      0x112 app/sys/src/sys.o
 .debug_macro   0x0000a75e       0x1c app/sys/src/sys.o
 .debug_macro   0x0000a77a       0x9a app/sys/src/sys.o
 .debug_macro   0x0000a814       0x70 app/sys/src/sys.o
 .debug_macro   0x0000a884       0x1c app/sys/src/sys.o
 .debug_macro   0x0000a8a0      0x1c6 drv/clock/src/clock.o
 .debug_macro   0x0000aa66       0x64 drv/clock/src/clock.o
 .debug_macro   0x0000aaca      0x1bd drv/core/src/core.o
 .debug_macro   0x0000ac87      0x1bd drv/gpio/src/gpio.o
 .debug_macro   0x0000ae44      0x1bd drv/uart/src/uart.o
 .debug_macro   0x0000b001       0x6c myLib/queue/src/queue_static.o
 .debug_macro   0x0000b06d      0x1da platform/comm/src/comm.o
 .debug_macro   0x0000b247      0x201 platform/serial_interface/src/serial_interface.o
 .debug_macro   0x0000b448       0x16 platform/serial_interface/src/serial_interface.o

.comment        0x00000000       0x7f
 .comment       0x00000000       0x7f app/sys/src/sys.o
                                 0x80 (size before relaxing)
 .comment       0x0000007f       0x80 drv/clock/src/clock.o
 .comment       0x0000007f       0x80 drv/core/src/core.o
 .comment       0x0000007f       0x80 drv/gpio/src/gpio.o
 .comment       0x0000007f       0x80 drv/uart/src/uart.o
 .comment       0x0000007f       0x80 myLib/queue/src/queue_static.o
 .comment       0x0000007f       0x80 platform/comm/src/comm.o
 .comment       0x0000007f       0x80 platform/serial_interface/src/serial_interface.o

.debug_frame    0x00000000      0xad0
 .debug_frame   0x00000000       0x64 app/sys/src/sys.o
 .debug_frame   0x00000064       0xc4 drv/clock/src/clock.o
 .debug_frame   0x00000128       0xf8 drv/core/src/core.o
 .debug_frame   0x00000220      0x15c drv/gpio/src/gpio.o
 .debug_frame   0x0000037c      0x29c drv/uart/src/uart.o
 .debug_frame   0x00000618       0xf4 myLib/queue/src/queue_static.o
 .debug_frame   0x0000070c       0xcc platform/comm/src/comm.o
 .debug_frame   0x000007d8      0x138 platform/serial_interface/src/serial_interface.o
 .debug_frame   0x00000910       0x2c d:/software/compiler/workbench/plugins/fr.ac6.mcu.externaltools.arm-none.win32_1.17.0.201812190825/tools/compiler/bin/../lib/gcc/arm-none-eabi/7.3.1/../../../../arm-none-eabi/lib/thumb/v7-m\libc.a(lib_a-init.o)
 .debug_frame   0x0000093c       0x5c d:/software/compiler/workbench/plugins/fr.ac6.mcu.externaltools.arm-none.win32_1.17.0.201812190825/tools/compiler/bin/../lib/gcc/arm-none-eabi/7.3.1/../../../../arm-none-eabi/lib/thumb/v7-m\libc.a(lib_a-__call_atexit.o)
 .debug_frame   0x00000998       0x20 d:/software/compiler/workbench/plugins/fr.ac6.mcu.externaltools.arm-none.win32_1.17.0.201812190825/tools/compiler/bin/../lib/gcc/arm-none-eabi/7.3.1/../../../../arm-none-eabi/lib/thumb/v7-m\libc.a(lib_a-atexit.o)
 .debug_frame   0x000009b8       0x34 d:/software/compiler/workbench/plugins/fr.ac6.mcu.externaltools.arm-none.win32_1.17.0.201812190825/tools/compiler/bin/../lib/gcc/arm-none-eabi/7.3.1/../../../../arm-none-eabi/lib/thumb/v7-m\libc.a(lib_a-fini.o)
 .debug_frame   0x000009ec       0xb0 d:/software/compiler/workbench/plugins/fr.ac6.mcu.externaltools.arm-none.win32_1.17.0.201812190825/tools/compiler/bin/../lib/gcc/arm-none-eabi/7.3.1/../../../../arm-none-eabi/lib/thumb/v7-m\libc.a(lib_a-lock.o)
 .debug_frame   0x00000a9c       0x34 d:/software/compiler/workbench/plugins/fr.ac6.mcu.externaltools.arm-none.win32_1.17.0.201812190825/tools/compiler/bin/../lib/gcc/arm-none-eabi/7.3.1/../../../../arm-none-eabi/lib/thumb/v7-m\libc.a(lib_a-__atexit.o)
